<html>
<body>
<pre>
<h1>µVision Build Log</h1>
<h2>Tool Versions:</h2>
IDE-Version: µVision V5.37.0.0
Copyright (C) 2022 ARM Ltd and ARM Germany GmbH. All rights reserved.
License Information: Roman Prokopov, student, LIC=----
 
Tool Versions:
Toolchain:       MDK-Lite  Version: 5.37.0.0
Toolchain Path:  C:\Keil_v5\ARM\ARMCLANG\Bin
C Compiler:      ArmClang.exe V6.18
Assembler:       Armasm.exe V6.18
Linker/Locator:  ArmLink.exe V6.18
Library Manager: ArmAr.exe V6.18
Hex Converter:   FromElf.exe V6.18
CPU DLL:         SARMCM3.DLL V5.37.0.0
Dialog DLL:      DCM.DLL V1.17.5.0
Target DLL:      STLink\ST-LINKIII-KEIL_SWO.dll V3.0.9.0
Dialog DLL:      TCM.DLL V1.56.1.0
 
<h2>Project:</h2>
D:\study\magistr\Radiokeryvania\laba1.uvprojx
Project File Date:  01/18/2023

<h2>Output:</h2>
*** Using Compiler 'V6.18', folder: 'C:\Keil_v5\ARM\ARMCLANG\Bin'
Rebuild target 'Target 1'
RTE/Device/STM32F103C8/system_stm32f10x.c(166): warning: no previous extern declaration for non-static variable 'AHBPrescTable' [-Wmissing-variable-declarations]
__I uint8_t AHBPrescTable[16] = {0, 0, 0, 0, 0, 0, 0, 0, 1, 2, 3, 4, 6, 7, 8, 9};
            ^
RTE/Device/STM32F103C8/system_stm32f10x.c(166): note: declare 'static' if the variable is not intended to be used outside of this translation unit
__I uint8_t AHBPrescTable[16] = {0, 0, 0, 0, 0, 0, 0, 0, 1, 2, 3, 4, 6, 7, 8, 9};
    ^
1 warning generated.
compiling system_stm32f10x.c...
C:/Users/romao/AppData/Local/Arm/Packs/Keil/STM32F1xx_DFP/2.4.0/Device/StdPeriph_Driver/src/misc.c(131): warning: implicit conversion loses integer precision: 'uint32_t' (aka 'unsigned int') to 'uint8_t' (aka 'unsigned char') [-Wimplicit-int-conversion]
    NVIC->IP[NVIC_InitStruct->NVIC_IRQChannel] = tmppriority;
                                               ~ ^~~~~~~~~~~
1 warning generated.
compiling misc.c...
compiling stm32f10x_gpio.c...
compiling stm32f10x_rcc.c...
main.cpp(14): warning: no previous prototype for function 'delay' [-Wmissing-prototypes]
void delay(int mill) {
     ^
main.cpp(14): note: declare 'static' if the function is not intended to be used outside of this translation unit
void delay(int mill) {
^
static 
main.cpp(22): warning: use of old-style cast [-Wold-style-cast]
  RCC_APB2PeriphClockCmd(RCC_APB2Periph_GPIOA, ENABLE);  
                         ^~~~~~~~~~~~~~~~~~~~
C:/Users/romao/AppData/Local/Arm/Packs/Keil/STM32F1xx_DFP/2.4.0/Device/StdPeriph_Driver/inc\stm32f10x_rcc.h(497): note: expanded from macro 'RCC_APB2Periph_GPIOA'
#define RCC_APB2Periph_GPIOA             ((uint32_t)0x00000004)
                                          ^         ~~~~~~~~~~
main.cpp(24): warning: use of old-style cast [-Wold-style-cast]
  GPIO_InitStructure.GPIO_Pin = GPIO_Pin_4;
                                ^~~~~~~~~~
C:/Users/romao/AppData/Local/Arm/Packs/Keil/STM32F1xx_DFP/2.4.0/Device/StdPeriph_Driver/inc\stm32f10x_gpio.h(130): note: expanded from macro 'GPIO_Pin_4'
#define GPIO_Pin_4                 ((uint16_t)0x0010)  /*!< Pin 4 selected */
                                    ^         ~~~~~~
main.cpp(27): warning: use of old-style cast [-Wold-style-cast]
  GPIO_Init(GPIOA, &GPIO_InitStructure);        
            ^~~~~
C:/Users/romao/AppData/Local/Arm/Packs/Keil/STM32F1xx_DFP/2.4.0/Device/Include\stm32f10x.h(1416): note: expanded from macro 'GPIOA'
#define GPIOA               ((GPIO_TypeDef *) GPIOA_BASE)
                                              ^~~~~~~~~~
C:/Users/romao/AppData/Local/Arm/Packs/Keil/STM32F1xx_DFP/2.4.0/Device/Include\stm32f10x.h(1323): note: expanded from macro 'GPIOA_BASE'
#define GPIOA_BASE            (APB2PERIPH_BASE + 0x0800)
                               ^~~~~~~~~~~~~~~
C:/Users/romao/AppData/Local/Arm/Packs/Keil/STM32F1xx_DFP/2.4.0/Device/Include\stm32f10x.h(1291): note: expanded from macro 'APB2PERIPH_BASE'
#define APB2PERIPH_BASE       (PERIPH_BASE + 0x10000)
                               ^~~~~~~~~~~
C:/Users/romao/AppData/Local/Arm/Packs/Keil/STM32F1xx_DFP/2.4.0/Device/Include\stm32f10x.h(1282): note: expanded from macro 'PERIPH_BASE'
#define PERIPH_BASE           ((uint32_t)0x40000000) /*!< Peripheral base address in the alias region */
                               ^         ~~~~~~~~~~
main.cpp(27): warning: use of old-style cast [-Wold-style-cast]
  GPIO_Init(GPIOA, &GPIO_InitStructure);        
            ^~~~~
C:/Users/romao/AppData/Local/Arm/Packs/Keil/STM32F1xx_DFP/2.4.0/Device/Include\stm32f10x.h(1416): note: expanded from macro 'GPIOA'
#define GPIOA               ((GPIO_TypeDef *) GPIOA_BASE)
                             ^                ~~~~~~~~~~
main.cpp(29): warning: use of old-style cast [-Wold-style-cast]
        RCC_APB2PeriphClockCmd(RCC_APB2Periph_GPIOB, ENABLE);
                               ^~~~~~~~~~~~~~~~~~~~
C:/Users/romao/AppData/Local/Arm/Packs/Keil/STM32F1xx_DFP/2.4.0/Device/StdPeriph_Driver/inc\stm32f10x_rcc.h(498): note: expanded from macro 'RCC_APB2Periph_GPIOB'
#define RCC_APB2Periph_GPIOB             ((uint32_t)0x00000008)
                                          ^         ~~~~~~~~~~
main.cpp(30): warning: use of old-style cast [-Wold-style-cast]
        GPIO_InitStructure.GPIO_Pin = GPIO_Pin_12;
                                      ^~~~~~~~~~~
C:/Users/romao/AppData/Local/Arm/Packs/Keil/STM32F1xx_DFP/2.4.0/Device/StdPeriph_Driver/inc\stm32f10x_gpio.h(138): note: expanded from macro 'GPIO_Pin_12'
#define GPIO_Pin_12                ((uint16_t)0x1000)  /*!< Pin 12 selected */
                                    ^         ~~~~~~
main.cpp(33): warning: use of old-style cast [-Wold-style-cast]
  GPIO_Init(GPIOB, &GPIO_InitStructure);        
            ^~~~~
C:/Users/romao/AppData/Local/Arm/Packs/Keil/STM32F1xx_DFP/2.4.0/Device/Include\stm32f10x.h(1417): note: expanded from macro 'GPIOB'
#define GPIOB               ((GPIO_TypeDef *) GPIOB_BASE)
                                              ^~~~~~~~~~
C:/Users/romao/AppData/Local/Arm/Packs/Keil/STM32F1xx_DFP/2.4.0/Device/Include\stm32f10x.h(1324): note: expanded from macro 'GPIOB_BASE'
#define GPIOB_BASE            (APB2PERIPH_BASE + 0x0C00)
                               ^~~~~~~~~~~~~~~
C:/Users/romao/AppData/Local/Arm/Packs/Keil/STM32F1xx_DFP/2.4.0/Device/Include\stm32f10x.h(1291): note: expanded from macro 'APB2PERIPH_BASE'
#define APB2PERIPH_BASE       (PERIPH_BASE + 0x10000)
                               ^~~~~~~~~~~
C:/Users/romao/AppData/Local/Arm/Packs/Keil/STM32F1xx_DFP/2.4.0/Device/Include\stm32f10x.h(1282): note: expanded from macro 'PERIPH_BASE'
#define PERIPH_BASE           ((uint32_t)0x40000000) /*!< Peripheral base address in the alias region */
                               ^         ~~~~~~~~~~
main.cpp(33): warning: use of old-style cast [-Wold-style-cast]
  GPIO_Init(GPIOB, &GPIO_InitStructure);        
            ^~~~~
C:/Users/romao/AppData/Local/Arm/Packs/Keil/STM32F1xx_DFP/2.4.0/Device/Include\stm32f10x.h(1417): note: expanded from macro 'GPIOB'
#define GPIOB               ((GPIO_TypeDef *) GPIOB_BASE)
                             ^                ~~~~~~~~~~
main.cpp(35): warning: use of old-style cast [-Wold-style-cast]
        GPIO_SetBits(GPIOB, GPIO_Pin_12);
                     ^~~~~
C:/Users/romao/AppData/Local/Arm/Packs/Keil/STM32F1xx_DFP/2.4.0/Device/Include\stm32f10x.h(1417): note: expanded from macro 'GPIOB'
#define GPIOB               ((GPIO_TypeDef *) GPIOB_BASE)
                                              ^~~~~~~~~~
C:/Users/romao/AppData/Local/Arm/Packs/Keil/STM32F1xx_DFP/2.4.0/Device/Include\stm32f10x.h(1324): note: expanded from macro 'GPIOB_BASE'
#define GPIOB_BASE            (APB2PERIPH_BASE + 0x0C00)
                               ^~~~~~~~~~~~~~~
C:/Users/romao/AppData/Local/Arm/Packs/Keil/STM32F1xx_DFP/2.4.0/Device/Include\stm32f10x.h(1291): note: expanded from macro 'APB2PERIPH_BASE'
#define APB2PERIPH_BASE       (PERIPH_BASE + 0x10000)
                               ^~~~~~~~~~~
C:/Users/romao/AppData/Local/Arm/Packs/Keil/STM32F1xx_DFP/2.4.0/Device/Include\stm32f10x.h(1282): note: expanded from macro 'PERIPH_BASE'
#define PERIPH_BASE           ((uint32_t)0x40000000) /*!< Peripheral base address in the alias region */
                               ^         ~~~~~~~~~~
main.cpp(35): warning: use of old-style cast [-Wold-style-cast]
        GPIO_SetBits(GPIOB, GPIO_Pin_12);
                     ^~~~~
C:/Users/romao/AppData/Local/Arm/Packs/Keil/STM32F1xx_DFP/2.4.0/Device/Include\stm32f10x.h(1417): note: expanded from macro 'GPIOB'
#define GPIOB               ((GPIO_TypeDef *) GPIOB_BASE)
                             ^                ~~~~~~~~~~
main.cpp(35): warning: use of old-style cast [-Wold-style-cast]
        GPIO_SetBits(GPIOB, GPIO_Pin_12);
                            ^~~~~~~~~~~
C:/Users/romao/AppData/Local/Arm/Packs/Keil/STM32F1xx_DFP/2.4.0/Device/StdPeriph_Driver/inc\stm32f10x_gpio.h(138): note: expanded from macro 'GPIO_Pin_12'
#define GPIO_Pin_12                ((uint16_t)0x1000)  /*!< Pin 12 selected */
                                    ^         ~~~~~~
main.cpp(36): warning: use of old-style cast [-Wold-style-cast]
        GPIO_SetBits(GPIOA, GPIO_Pin_4);
                     ^~~~~
C:/Users/romao/AppData/Local/Arm/Packs/Keil/STM32F1xx_DFP/2.4.0/Device/Include\stm32f10x.h(1416): note: expanded from macro 'GPIOA'
#define GPIOA               ((GPIO_TypeDef *) GPIOA_BASE)
                                              ^~~~~~~~~~
C:/Users/romao/AppData/Local/Arm/Packs/Keil/STM32F1xx_DFP/2.4.0/Device/Include\stm32f10x.h(1323): note: expanded from macro 'GPIOA_BASE'
#define GPIOA_BASE            (APB2PERIPH_BASE + 0x0800)
                               ^~~~~~~~~~~~~~~
C:/Users/romao/AppData/Local/Arm/Packs/Keil/STM32F1xx_DFP/2.4.0/Device/Include\stm32f10x.h(1291): note: expanded from macro 'APB2PERIPH_BASE'
#define APB2PERIPH_BASE       (PERIPH_BASE + 0x10000)
                               ^~~~~~~~~~~
C:/Users/romao/AppData/Local/Arm/Packs/Keil/STM32F1xx_DFP/2.4.0/Device/Include\stm32f10x.h(1282): note: expanded from macro 'PERIPH_BASE'
#define PERIPH_BASE           ((uint32_t)0x40000000) /*!< Peripheral base address in the alias region */
                               ^         ~~~~~~~~~~
main.cpp(36): warning: use of old-style cast [-Wold-style-cast]
        GPIO_SetBits(GPIOA, GPIO_Pin_4);
                     ^~~~~
C:/Users/romao/AppData/Local/Arm/Packs/Keil/STM32F1xx_DFP/2.4.0/Device/Include\stm32f10x.h(1416): note: expanded from macro 'GPIOA'
#define GPIOA               ((GPIO_TypeDef *) GPIOA_BASE)
                             ^                ~~~~~~~~~~
main.cpp(36): warning: use of old-style cast [-Wold-style-cast]
        GPIO_SetBits(GPIOA, GPIO_Pin_4);
                            ^~~~~~~~~~
C:/Users/romao/AppData/Local/Arm/Packs/Keil/STM32F1xx_DFP/2.4.0/Device/StdPeriph_Driver/inc\stm32f10x_gpio.h(130): note: expanded from macro 'GPIO_Pin_4'
#define GPIO_Pin_4                 ((uint16_t)0x0010)  /*!< Pin 4 selected */
                                    ^         ~~~~~~
main.cpp(40): warning: use of old-style cast [-Wold-style-cast]
                  GPIOB->ODR |= GPIO_Pin_12;              
                  ^~~~~
C:/Users/romao/AppData/Local/Arm/Packs/Keil/STM32F1xx_DFP/2.4.0/Device/Include\stm32f10x.h(1417): note: expanded from macro 'GPIOB'
#define GPIOB               ((GPIO_TypeDef *) GPIOB_BASE)
                                              ^~~~~~~~~~
C:/Users/romao/AppData/Local/Arm/Packs/Keil/STM32F1xx_DFP/2.4.0/Device/Include\stm32f10x.h(1324): note: expanded from macro 'GPIOB_BASE'
#define GPIOB_BASE            (APB2PERIPH_BASE + 0x0C00)
                               ^~~~~~~~~~~~~~~
C:/Users/romao/AppData/Local/Arm/Packs/Keil/STM32F1xx_DFP/2.4.0/Device/Include\stm32f10x.h(1291): note: expanded from macro 'APB2PERIPH_BASE'
#define APB2PERIPH_BASE       (PERIPH_BASE + 0x10000)
                               ^~~~~~~~~~~
C:/Users/romao/AppData/Local/Arm/Packs/Keil/STM32F1xx_DFP/2.4.0/Device/Include\stm32f10x.h(1282): note: expanded from macro 'PERIPH_BASE'
#define PERIPH_BASE           ((uint32_t)0x40000000) /*!< Peripheral base address in the alias region */
                               ^         ~~~~~~~~~~
main.cpp(40): warning: use of old-style cast [-Wold-style-cast]
                  GPIOB->ODR |= GPIO_Pin_12;              
                  ^~~~~
C:/Users/romao/AppData/Local/Arm/Packs/Keil/STM32F1xx_DFP/2.4.0/Device/Include\stm32f10x.h(1417): note: expanded from macro 'GPIOB'
#define GPIOB               ((GPIO_TypeDef *) GPIOB_BASE)
                             ^                ~~~~~~~~~~
main.cpp(40): warning: use of old-style cast [-Wold-style-cast]
                  GPIOB->ODR |= GPIO_Pin_12;              
                                ^~~~~~~~~~~
C:/Users/romao/AppData/Local/Arm/Packs/Keil/STM32F1xx_DFP/2.4.0/Device/StdPeriph_Driver/inc\stm32f10x_gpio.h(138): note: expanded from macro 'GPIO_Pin_12'
#define GPIO_Pin_12                ((uint16_t)0x1000)  /*!< Pin 12 selected */
                                    ^         ~~~~~~
main.cpp(41): warning: use of old-style cast [-Wold-style-cast]
                  GPIOA->ODR |= GPIO_Pin_4;  
                  ^~~~~
C:/Users/romao/AppData/Local/Arm/Packs/Keil/STM32F1xx_DFP/2.4.0/Device/Include\stm32f10x.h(1416): note: expanded from macro 'GPIOA'
#define GPIOA               ((GPIO_TypeDef *) GPIOA_BASE)
                                              ^~~~~~~~~~
C:/Users/romao/AppData/Local/Arm/Packs/Keil/STM32F1xx_DFP/2.4.0/Device/Include\stm32f10x.h(1323): note: expanded from macro 'GPIOA_BASE'
#define GPIOA_BASE            (APB2PERIPH_BASE + 0x0800)
                               ^~~~~~~~~~~~~~~
C:/Users/romao/AppData/Local/Arm/Packs/Keil/STM32F1xx_DFP/2.4.0/Device/Include\stm32f10x.h(1291): note: expanded from macro 'APB2PERIPH_BASE'
#define APB2PERIPH_BASE       (PERIPH_BASE + 0x10000)
                               ^~~~~~~~~~~
C:/Users/romao/AppData/Local/Arm/Packs/Keil/STM32F1xx_DFP/2.4.0/Device/Include\stm32f10x.h(1282): note: expanded from macro 'PERIPH_BASE'
#define PERIPH_BASE           ((uint32_t)0x40000000) /*!< Peripheral base address in the alias region */
                               ^         ~~~~~~~~~~
main.cpp(41): warning: use of old-style cast [-Wold-style-cast]
                  GPIOA->ODR |= GPIO_Pin_4;  
                  ^~~~~
C:/Users/romao/AppData/Local/Arm/Packs/Keil/STM32F1xx_DFP/2.4.0/Device/Include\stm32f10x.h(1416): note: expanded from macro 'GPIOA'
#define GPIOA               ((GPIO_TypeDef *) GPIOA_BASE)
                             ^                ~~~~~~~~~~
main.cpp(41): warning: use of old-style cast [-Wold-style-cast]
                  GPIOA->ODR |= GPIO_Pin_4;  
                                ^~~~~~~~~~
C:/Users/romao/AppData/Local/Arm/Packs/Keil/STM32F1xx_DFP/2.4.0/Device/StdPeriph_Driver/inc\stm32f10x_gpio.h(130): note: expanded from macro 'GPIO_Pin_4'
#define GPIO_Pin_4                 ((uint16_t)0x0010)  /*!< Pin 4 selected */
                                    ^         ~~~~~~
main.cpp(44): warning: use of old-style cast [-Wold-style-cast]
                  GPIOB->ODR &= ~GPIO_Pin_12;             
                  ^~~~~
C:/Users/romao/AppData/Local/Arm/Packs/Keil/STM32F1xx_DFP/2.4.0/Device/Include\stm32f10x.h(1417): note: expanded from macro 'GPIOB'
#define GPIOB               ((GPIO_TypeDef *) GPIOB_BASE)
                                              ^~~~~~~~~~
C:/Users/romao/AppData/Local/Arm/Packs/Keil/STM32F1xx_DFP/2.4.0/Device/Include\stm32f10x.h(1324): note: expanded from macro 'GPIOB_BASE'
#define GPIOB_BASE            (APB2PERIPH_BASE + 0x0C00)
                               ^~~~~~~~~~~~~~~
C:/Users/romao/AppData/Local/Arm/Packs/Keil/STM32F1xx_DFP/2.4.0/Device/Include\stm32f10x.h(1291): note: expanded from macro 'APB2PERIPH_BASE'
#define APB2PERIPH_BASE       (PERIPH_BASE + 0x10000)
                               ^~~~~~~~~~~
C:/Users/romao/AppData/Local/Arm/Packs/Keil/STM32F1xx_DFP/2.4.0/Device/Include\stm32f10x.h(1282): note: expanded from macro 'PERIPH_BASE'
#define PERIPH_BASE           ((uint32_t)0x40000000) /*!< Peripheral base address in the alias region */
                               ^         ~~~~~~~~~~
main.cpp(44): warning: use of old-style cast [-Wold-style-cast]
                  GPIOB->ODR &= ~GPIO_Pin_12;             
                  ^~~~~
C:/Users/romao/AppData/Local/Arm/Packs/Keil/STM32F1xx_DFP/2.4.0/Device/Include\stm32f10x.h(1417): note: expanded from macro 'GPIOB'
#define GPIOB               ((GPIO_TypeDef *) GPIOB_BASE)
                             ^                ~~~~~~~~~~
main.cpp(44): warning: use of old-style cast [-Wold-style-cast]
                  GPIOB->ODR &= ~GPIO_Pin_12;             
                                 ^~~~~~~~~~~
C:/Users/romao/AppData/Local/Arm/Packs/Keil/STM32F1xx_DFP/2.4.0/Device/StdPeriph_Driver/inc\stm32f10x_gpio.h(138): note: expanded from macro 'GPIO_Pin_12'
#define GPIO_Pin_12                ((uint16_t)0x1000)  /*!< Pin 12 selected */
                                    ^         ~~~~~~
main.cpp(44): warning: implicit conversion changes signedness: 'int' to 'unsigned int' [-Wsign-conversion]
                  GPIOB->ODR &= ~GPIO_Pin_12;             
                             ~~ ^~~~~~~~~~~~
main.cpp(46): warning: use of old-style cast [-Wold-style-cast]
                  GPIOA->ODR &= ~GPIO_Pin_4;     
                  ^~~~~
C:/Users/romao/AppData/Local/Arm/Packs/Keil/STM32F1xx_DFP/2.4.0/Device/Include\stm32f10x.h(1416): note: expanded from macro 'GPIOA'
#define GPIOA               ((GPIO_TypeDef *) GPIOA_BASE)
                                              ^~~~~~~~~~
C:/Users/romao/AppData/Local/Arm/Packs/Keil/STM32F1xx_DFP/2.4.0/Device/Include\stm32f10x.h(1323): note: expanded from macro 'GPIOA_BASE'
#define GPIOA_BASE            (APB2PERIPH_BASE + 0x0800)
                               ^~~~~~~~~~~~~~~
C:/Users/romao/AppData/Local/Arm/Packs/Keil/STM32F1xx_DFP/2.4.0/Device/Include\stm32f10x.h(1291): note: expanded from macro 'APB2PERIPH_BASE'
#define APB2PERIPH_BASE       (PERIPH_BASE + 0x10000)
                               ^~~~~~~~~~~
C:/Users/romao/AppData/Local/Arm/Packs/Keil/STM32F1xx_DFP/2.4.0/Device/Include\stm32f10x.h(1282): note: expanded from macro 'PERIPH_BASE'
#define PERIPH_BASE           ((uint32_t)0x40000000) /*!< Peripheral base address in the alias region */
                               ^         ~~~~~~~~~~
main.cpp(46): warning: use of old-style cast [-Wold-style-cast]
                  GPIOA->ODR &= ~GPIO_Pin_4;     
                  ^~~~~
C:/Users/romao/AppData/Local/Arm/Packs/Keil/STM32F1xx_DFP/2.4.0/Device/Include\stm32f10x.h(1416): note: expanded from macro 'GPIOA'
#define GPIOA               ((GPIO_TypeDef *) GPIOA_BASE)
                             ^                ~~~~~~~~~~
main.cpp(46): warning: use of old-style cast [-Wold-style-cast]
                  GPIOA->ODR &= ~GPIO_Pin_4;     
                                 ^~~~~~~~~~
C:/Users/romao/AppData/Local/Arm/Packs/Keil/STM32F1xx_DFP/2.4.0/Device/StdPeriph_Driver/inc\stm32f10x_gpio.h(130): note: expanded from macro 'GPIO_Pin_4'
#define GPIO_Pin_4                 ((uint16_t)0x0010)  /*!< Pin 4 selected */
                                    ^         ~~~~~~
main.cpp(46): warning: implicit conversion changes signedness: 'int' to 'unsigned int' [-Wsign-conversion]
                  GPIOA->ODR &= ~GPIO_Pin_4;     
                             ~~ ^~~~~~~~~~~
main.cpp(51): warning: no newline at end of file [-Wnewline-eof]
}
 ^
30 warnings generated.
compiling main.cpp...
assembling startup_stm32f10x_md.s...
linking...
Program Size: Code=1420 RO-data=252 RW-data=0 ZI-data=1632  
".\Objects\laba1.axf" - 0 Error(s), 32 Warning(s).

<h2>Software Packages used:</h2>

Package Vendor: ARM
                http://www.keil.com/pack/ARM.CMSIS.5.9.0.pack
                ARM.CMSIS.5.9.0
                CMSIS (Common Microcontroller Software Interface Standard)
   * Component: CORE Version: 5.6.0

Package Vendor: Keil
                http://www.keil.com/pack/Keil.STM32F1xx_DFP.2.4.0.pack
                Keil.STM32F1xx_DFP.2.4.0
                STMicroelectronics STM32F1 Series Device Support, Drivers and Examples
   * Component: Startup Version: 1.0.0
   * Component: Framework Version: 3.6.0
   * Component: GPIO Version: 3.6.0
   * Component: RCC Version: 3.6.0

<h2>Collection of Component include folders:</h2>
  ./RTE/Device/STM32F103C8
  ./RTE/_Target_1
  C:/Users/romao/AppData/Local/Arm/Packs/ARM/CMSIS/5.9.0/CMSIS/Core/Include
  C:/Users/romao/AppData/Local/Arm/Packs/Keil/STM32F1xx_DFP/2.4.0/Device/Include
  C:/Users/romao/AppData/Local/Arm/Packs/Keil/STM32F1xx_DFP/2.4.0/Device/StdPeriph_Driver/inc

<h2>Collection of Component Files used:</h2>

   * Component: ARM::CMSIS:CORE:5.6.0

   * Component: Keil::Device:Startup:1.0.0
      Include file:  RTE_Driver/Config/RTE_Device.h
      Source file:   Device/Source/ARM/startup_stm32f10x_md.s
      Source file:   Device/Source/ARM/STM32F1xx_OPT.s
      Source file:   Device/Source/system_stm32f10x.c

   * Component: Keil::Device:StdPeriph Drivers:Framework:3.6.0
      Source file:   Device/StdPeriph_Driver/templates/stm32f10x_it.c
      Include file:  Device/StdPeriph_Driver/inc/misc.h
      Source file:   Device/StdPeriph_Driver/src/misc.c
      Include file:  Device/StdPeriph_Driver/templates/stm32f10x_it.h
      Source file:   Device/StdPeriph_Driver/templates/stm32f10x_conf.h

   * Component: Keil::Device:StdPeriph Drivers:GPIO:3.6.0
      Source file:   Device/StdPeriph_Driver/src/stm32f10x_gpio.c
      Include file:  Device/StdPeriph_Driver/inc/stm32f10x_gpio.h

   * Component: Keil::Device:StdPeriph Drivers:RCC:3.6.0
      Source file:   Device/StdPeriph_Driver/src/stm32f10x_rcc.c
      Include file:  Device/StdPeriph_Driver/inc/stm32f10x_rcc.h
Build Time Elapsed:  00:00:03
</pre>
</body>
</html>
